// Jest Snapshot v1, https://goo.gl/fbAQLP

exports[`App component renders App 1`] = `
<DocumentFragment>
  <div>
    <div>
      <p>
        Welcome to Dimension C-132
      </p>
    </div>
    <h1>
      Rick and Morty quotes loading
    </h1>
  </div>
</DocumentFragment>
`;
